// Jest Snapshot v1, https://goo.gl/fbAQLP

exports[`subscribeToPatches 1`] = `
Object {
  "inversePatches": Array [
    Object {
      "op": "replace",
      "path": Array [
        "users",
        0,
        "name",
      ],
      "value": "first",
    },
  ],
  "patches": Array [
    Object {
      "op": "replace",
      "path": Array [
        "users",
        0,
        "name",
      ],
      "value": "john",
    },
  ],
}
`;
